2026-08-03 15:03:09 | INFO     | [pioneer_billing.database] | Initializing database at path: A:\Project1\db\database.db
2026-08-03 15:03:09 | INFO     | [pioneer_billing.database] | Seeded initial default Demo1 customer profile.
2026-08-03 15:03:09 | INFO     | [pioneer_billing.database] | Database initialization completed successfully.
2026-08-03 15:03:09 | INFO     | [pioneer_billing.import] | Starting inventory import from file 'uploaded_file.xlsx', sheet 'Stock Group Reorder Status'.
2026-08-03 15:03:09 | INFO     | [pioneer_billing.import] | Inventory import finished (success): 1408/1408 successful, 0 failed.
2026-08-03 15:03:09 | INFO     | [pioneer_billing.import] | Starting cost list import from file 'uploaded_file.xlsx', sheet 'PRICE LIST'.
2026-08-03 15:03:10 | INFO     | [pioneer_billing.import] | Cost list import finished (success): 3319/3319 successful, 0 failed.
2026-08-03 15:03:10 | INFO     | [pioneer_billing.billing] | Created customer 'Pioneer Automation Corp' (ID: 2, Discount: 12.5%).
2026-08-03 15:03:10 | INFO     | [pioneer_billing.billing] | Updated customer 'Pioneer Automation Corp Updated' (ID: 2).
2026-08-03 15:03:10 | INFO     | [pioneer_billing.billing] | Created customer 'Quicktest Client' (ID: 3, Discount: 10.0%).
2026-08-03 15:03:10 | INFO     | [pioneer_billing.billing] | Generating invoice for order_id: 1
2026-08-03 15:03:10 | INFO     | [pioneer_billing.billing] | Successfully generated invoice 'INV-2026-01001' (ID: 1) for order_id 1.
2026-08-03 15:03:10 | INFO     | [pioneer_billing.billing] | Created customer 'Concurrent Customer 1' (ID: 4, Discount: 5.0%).
2026-08-03 15:03:10 | INFO     | [pioneer_billing.billing] | Generating invoice for order_id: 2
2026-08-03 15:03:10 | INFO     | [pioneer_billing.billing] | Successfully generated invoice 'INV-2026-01002' (ID: 2) for order_id 2.
2026-08-03 15:03:10 | INFO     | [pioneer_billing.billing] | Created customer 'Concurrent Customer 7' (ID: 5, Discount: 5.0%).
2026-08-03 15:03:10 | INFO     | [pioneer_billing.billing] | Created customer 'Concurrent Customer 3' (ID: 6, Discount: 5.0%).
2026-08-03 15:03:10 | INFO     | [pioneer_billing.billing] | Created customer 'Concurrent Customer 6' (ID: 7, Discount: 5.0%).
2026-08-03 15:03:10 | INFO     | [pioneer_billing.billing] | Generating invoice for order_id: 3
2026-08-03 15:03:10 | INFO     | [pioneer_billing.billing] | Successfully generated invoice 'INV-2026-01003' (ID: 3) for order_id 3.
2026-08-03 15:03:10 | INFO     | [pioneer_billing.billing] | Created customer 'Concurrent Customer 8' (ID: 8, Discount: 5.0%).
2026-08-03 15:03:10 | INFO     | [pioneer_billing.billing] | Generating invoice for order_id: 4
2026-08-03 15:03:10 | INFO     | [pioneer_billing.billing] | Generating invoice for order_id: 5
2026-08-03 15:03:10 | INFO     | [pioneer_billing.billing] | Successfully generated invoice 'INV-2026-01004' (ID: 4) for order_id 4.
2026-08-03 15:03:10 | INFO     | [pioneer_billing.billing] | Successfully generated invoice 'INV-2026-01005' (ID: 5) for order_id 5.
2026-08-03 15:03:10 | INFO     | [pioneer_billing.billing] | Created customer 'Concurrent Customer 9' (ID: 9, Discount: 5.0%).
2026-08-03 15:03:10 | INFO     | [pioneer_billing.billing] | Generating invoice for order_id: 6
2026-08-03 15:03:10 | INFO     | [pioneer_billing.billing] | Successfully generated invoice 'INV-2026-01006' (ID: 6) for order_id 6.
2026-08-03 15:03:10 | INFO     | [pioneer_billing.billing] | Generating invoice for order_id: 7
2026-08-03 15:03:10 | INFO     | [pioneer_billing.billing] | Successfully generated invoice 'INV-2026-01007' (ID: 7) for order_id 7.
2026-08-03 15:03:10 | INFO     | [pioneer_billing.billing] | Created customer 'Concurrent Customer 0' (ID: 10, Discount: 5.0%).
2026-08-03 15:03:10 | INFO     | [pioneer_billing.billing] | Generating invoice for order_id: 8
2026-08-03 15:03:10 | INFO     | [pioneer_billing.billing] | Successfully generated invoice 'INV-2026-01008' (ID: 8) for order_id 8.
2026-08-03 15:03:10 | INFO     | [pioneer_billing.billing] | Created customer 'Concurrent Customer 4' (ID: 11, Discount: 5.0%).
2026-08-03 15:03:10 | INFO     | [pioneer_billing.billing] | Generating invoice for order_id: 9
2026-08-03 15:03:10 | INFO     | [pioneer_billing.billing] | Successfully generated invoice 'INV-2026-01009' (ID: 9) for order_id 9.
2026-08-03 15:03:10 | INFO     | [pioneer_billing.billing] | Created customer 'Concurrent Customer 2' (ID: 12, Discount: 5.0%).
2026-08-03 15:03:10 | INFO     | [pioneer_billing.billing] | Generating invoice for order_id: 10
2026-08-03 15:03:10 | INFO     | [pioneer_billing.billing] | Successfully generated invoice 'INV-2026-01010' (ID: 10) for order_id 10.
2026-08-03 15:03:10 | INFO     | [pioneer_billing.billing] | Created customer 'Concurrent Customer 5' (ID: 13, Discount: 5.0%).
2026-08-03 15:03:10 | INFO     | [pioneer_billing.billing] | Generating invoice for order_id: 11
2026-08-03 15:03:10 | INFO     | [pioneer_billing.billing] | Successfully generated invoice 'INV-2026-01011' (ID: 11) for order_id 11.
2026-08-03 15:03:10 | INFO     | [pioneer_billing.billing] | Generating quotation for customer: Quotation Client
2026-08-03 15:03:10 | INFO     | [pioneer_billing.billing] | Created customer 'Quotation Client' (ID: 14, Discount: 5.0%).
2026-08-03 15:03:10 | INFO     | [pioneer_billing.billing] | Successfully generated quotation 'QTN-2026-01001' (ID: 1) for customer 'Quotation Client'.
2026-08-03 15:03:10 | INFO     | [pioneer_billing.import] | Starting inventory import from file 'uploaded_file.xlsx', sheet 'Stock Group Reorder Status'.
2026-08-03 15:03:10 | INFO     | [pioneer_billing.import] | Inventory import finished (success): 1408/1408 successful, 0 failed.
2026-08-03 15:04:53 | INFO     | [pioneer_billing.database] | Initializing database at path: A:\Project1\db\database.db
2026-08-03 15:04:53 | INFO     | [pioneer_billing.database] | Seeded initial default Demo1 customer profile.
2026-08-03 15:04:53 | INFO     | [pioneer_billing.database] | Database initialization completed successfully.
2026-08-03 15:04:53 | INFO     | [pioneer_billing.import] | Starting inventory import from file 'uploaded_file.xlsx', sheet 'Stock Group Reorder Status'.
2026-08-03 15:04:53 | INFO     | [pioneer_billing.import] | Inventory import finished (success): 1408/1408 successful, 0 failed.
2026-08-03 15:04:53 | INFO     | [pioneer_billing.import] | Starting cost list import from file 'uploaded_file.xlsx', sheet 'PRICE LIST'.
2026-08-03 15:04:53 | INFO     | [pioneer_billing.import] | Cost list import finished (success): 3319/3319 successful, 0 failed.
2026-08-03 15:04:53 | INFO     | [pioneer_billing.billing] | Created customer 'Pioneer Automation Corp' (ID: 2, Discount: 12.5%).
2026-08-03 15:04:53 | INFO     | [pioneer_billing.billing] | Updated customer 'Pioneer Automation Corp Updated' (ID: 2).
2026-08-03 15:04:53 | INFO     | [pioneer_billing.billing] | Created customer 'Quicktest Client' (ID: 3, Discount: 10.0%).
2026-08-03 15:04:53 | INFO     | [pioneer_billing.billing] | Generating invoice for order_id: 1
2026-08-03 15:04:53 | INFO     | [pioneer_billing.billing] | Successfully generated invoice 'INV-2026-01001' (ID: 1) for order_id 1.
2026-08-03 15:04:53 | INFO     | [pioneer_billing.billing] | Created customer 'Concurrent Customer 0' (ID: 4, Discount: 5.0%).
2026-08-03 15:04:53 | INFO     | [pioneer_billing.billing] | Created customer 'Concurrent Customer 1' (ID: 5, Discount: 5.0%).
2026-08-03 15:04:53 | INFO     | [pioneer_billing.billing] | Created customer 'Concurrent Customer 7' (ID: 6, Discount: 5.0%).
2026-08-03 15:04:53 | INFO     | [pioneer_billing.billing] | Created customer 'Concurrent Customer 6' (ID: 7, Discount: 5.0%).
2026-08-03 15:04:53 | INFO     | [pioneer_billing.billing] | Created customer 'Concurrent Customer 2' (ID: 8, Discount: 5.0%).
2026-08-03 15:04:53 | INFO     | [pioneer_billing.billing] | Generating invoice for order_id: 2
2026-08-03 15:04:53 | INFO     | [pioneer_billing.billing] | Created customer 'Concurrent Customer 5' (ID: 9, Discount: 5.0%).
2026-08-03 15:04:53 | INFO     | [pioneer_billing.billing] | Generating invoice for order_id: 3
2026-08-03 15:04:53 | INFO     | [pioneer_billing.billing] | Successfully generated invoice 'INV-2026-01002' (ID: 2) for order_id 3.
2026-08-03 15:04:53 | INFO     | [pioneer_billing.billing] | Generating invoice for order_id: 4
2026-08-03 15:04:53 | INFO     | [pioneer_billing.billing] | Successfully generated invoice 'INV-2026-01003' (ID: 3) for order_id 4.
2026-08-03 15:04:53 | INFO     | [pioneer_billing.billing] | Created customer 'Concurrent Customer 3' (ID: 10, Discount: 5.0%).
2026-08-03 15:04:53 | INFO     | [pioneer_billing.billing] | Generating invoice for order_id: 5
2026-08-03 15:04:53 | INFO     | [pioneer_billing.billing] | Successfully generated invoice 'INV-2026-01004' (ID: 4) for order_id 5.
2026-08-03 15:04:53 | INFO     | [pioneer_billing.billing] | Generating invoice for order_id: 6
2026-08-03 15:04:53 | INFO     | [pioneer_billing.billing] | Successfully generated invoice 'INV-2026-01005' (ID: 5) for order_id 6.
2026-08-03 15:04:53 | INFO     | [pioneer_billing.billing] | Created customer 'Concurrent Customer 4' (ID: 11, Discount: 5.0%).
2026-08-03 15:04:53 | INFO     | [pioneer_billing.billing] | Generating invoice for order_id: 7
2026-08-03 15:04:53 | INFO     | [pioneer_billing.billing] | Generating invoice for order_id: 8
2026-08-03 15:04:53 | INFO     | [pioneer_billing.billing] | Successfully generated invoice 'INV-2026-01006' (ID: 6) for order_id 7.
2026-08-03 15:04:53 | INFO     | [pioneer_billing.billing] | Successfully generated invoice 'INV-2026-01007' (ID: 7) for order_id 2.
2026-08-03 15:04:53 | INFO     | [pioneer_billing.billing] | Successfully generated invoice 'INV-2026-01008' (ID: 8) for order_id 8.
2026-08-03 15:04:53 | INFO     | [pioneer_billing.billing] | Created customer 'Concurrent Customer 9' (ID: 12, Discount: 5.0%).
2026-08-03 15:04:53 | INFO     | [pioneer_billing.billing] | Generating invoice for order_id: 9
2026-08-03 15:04:53 | INFO     | [pioneer_billing.billing] | Successfully generated invoice 'INV-2026-01009' (ID: 9) for order_id 9.
2026-08-03 15:04:53 | INFO     | [pioneer_billing.billing] | Created customer 'Concurrent Customer 8' (ID: 13, Discount: 5.0%).
2026-08-03 15:04:53 | INFO     | [pioneer_billing.billing] | Generating invoice for order_id: 10
2026-08-03 15:04:53 | INFO     | [pioneer_billing.billing] | Generating invoice for order_id: 11
2026-08-03 15:04:53 | INFO     | [pioneer_billing.billing] | Successfully generated invoice 'INV-2026-01010' (ID: 10) for order_id 10.
2026-08-03 15:04:53 | INFO     | [pioneer_billing.billing] | Successfully generated invoice 'INV-2026-01011' (ID: 11) for order_id 11.
2026-08-03 15:04:53 | INFO     | [pioneer_billing.billing] | Generating quotation for customer: Quotation Client
2026-08-03 15:04:53 | INFO     | [pioneer_billing.billing] | Created customer 'Quotation Client' (ID: 14, Discount: 5.0%).
2026-08-03 15:04:53 | INFO     | [pioneer_billing.billing] | Successfully generated quotation 'QTN-2026-01001' (ID: 1) for customer 'Quotation Client'.
2026-08-03 15:04:53 | INFO     | [pioneer_billing.import] | Starting inventory import from file 'uploaded_file.xlsx', sheet 'Stock Group Reorder Status'.
2026-08-03 15:04:53 | INFO     | [pioneer_billing.import] | Inventory import finished (success): 1408/1408 successful, 0 failed.
2026-08-03 15:07:30 | INFO     | [pioneer_billing.database] | Initializing database at path: A:\Project1\db\database.db
2026-08-03 15:07:30 | INFO     | [pioneer_billing.database] | Seeded initial default Demo1 customer profile.
2026-08-03 15:07:30 | INFO     | [pioneer_billing.database] | Database initialization completed successfully.
2026-08-03 15:07:30 | INFO     | [pioneer_billing.import] | Starting inventory import from file 'uploaded_file.xlsx', sheet 'Stock Group Reorder Status'.
2026-08-03 15:07:30 | INFO     | [pioneer_billing.import] | Inventory import finished (success): 1408/1408 successful, 0 failed.
2026-08-03 15:07:30 | INFO     | [pioneer_billing.import] | Starting cost list import from file 'uploaded_file.xlsx', sheet 'PRICE LIST'.
2026-08-03 15:07:30 | INFO     | [pioneer_billing.import] | Cost list import finished (success): 3319/3319 successful, 0 failed.
2026-08-03 15:07:30 | INFO     | [pioneer_billing.billing] | Created customer 'Pioneer Automation Corp' (ID: 2, Discount: 12.5%).
2026-08-03 15:07:30 | INFO     | [pioneer_billing.billing] | Updated customer 'Pioneer Automation Corp Updated' (ID: 2).
2026-08-03 15:07:30 | INFO     | [pioneer_billing.billing] | Created customer 'Quicktest Client' (ID: 3, Discount: 10.0%).
2026-08-03 15:07:30 | INFO     | [pioneer_billing.billing] | Generating invoice for order_id: 1
2026-08-03 15:07:30 | INFO     | [pioneer_billing.billing] | Successfully generated invoice 'INV-2026-01001' (ID: 1) for order_id 1.
2026-08-03 15:07:30 | INFO     | [pioneer_billing.billing] | Created customer 'Concurrent Customer 0' (ID: 4, Discount: 5.0%).
2026-08-03 15:07:30 | INFO     | [pioneer_billing.billing] | Created customer 'Concurrent Customer 5' (ID: 5, Discount: 5.0%).
2026-08-03 15:07:30 | INFO     | [pioneer_billing.billing] | Created customer 'Concurrent Customer 4' (ID: 6, Discount: 5.0%).
2026-08-03 15:07:30 | INFO     | [pioneer_billing.billing] | Created customer 'Concurrent Customer 8' (ID: 7, Discount: 5.0%).
2026-08-03 15:07:30 | INFO     | [pioneer_billing.billing] | Created customer 'Concurrent Customer 7' (ID: 8, Discount: 5.0%).
2026-08-03 15:07:30 | INFO     | [pioneer_billing.billing] | Generating invoice for order_id: 2
2026-08-03 15:07:30 | INFO     | [pioneer_billing.billing] | Created customer 'Concurrent Customer 6' (ID: 9, Discount: 5.0%).
2026-08-03 15:07:30 | INFO     | [pioneer_billing.billing] | Successfully generated invoice 'INV-2026-01002' (ID: 2) for order_id 2.
2026-08-03 15:07:30 | INFO     | [pioneer_billing.billing] | Generating invoice for order_id: 3
2026-08-03 15:07:30 | INFO     | [pioneer_billing.billing] | Generating invoice for order_id: 4
2026-08-03 15:07:30 | INFO     | [pioneer_billing.billing] | Generating invoice for order_id: 5
2026-08-03 15:07:30 | INFO     | [pioneer_billing.billing] | Created customer 'Concurrent Customer 1' (ID: 10, Discount: 5.0%).
2026-08-03 15:07:30 | INFO     | [pioneer_billing.billing] | Generating invoice for order_id: 6
2026-08-03 15:07:30 | INFO     | [pioneer_billing.billing] | Successfully generated invoice 'INV-2026-01003' (ID: 3) for order_id 4.
2026-08-03 15:07:30 | INFO     | [pioneer_billing.billing] | Successfully generated invoice 'INV-2026-01004' (ID: 4) for order_id 6.
2026-08-03 15:07:30 | INFO     | [pioneer_billing.billing] | Generating invoice for order_id: 7
2026-08-03 15:07:30 | INFO     | [pioneer_billing.billing] | Successfully generated invoice 'INV-2026-01005' (ID: 5) for order_id 7.
2026-08-03 15:07:30 | INFO     | [pioneer_billing.billing] | Successfully generated invoice 'INV-2026-01006' (ID: 6) for order_id 5.
2026-08-03 15:07:30 | INFO     | [pioneer_billing.billing] | Created customer 'Concurrent Customer 2' (ID: 11, Discount: 5.0%).
2026-08-03 15:07:30 | INFO     | [pioneer_billing.billing] | Created customer 'Concurrent Customer 9' (ID: 12, Discount: 5.0%).
2026-08-03 15:07:30 | INFO     | [pioneer_billing.billing] | Generating invoice for order_id: 8
2026-08-03 15:07:30 | INFO     | [pioneer_billing.billing] | Generating invoice for order_id: 9
2026-08-03 15:07:30 | INFO     | [pioneer_billing.billing] | Successfully generated invoice 'INV-2026-01007' (ID: 7) for order_id 8.
2026-08-03 15:07:30 | INFO     | [pioneer_billing.billing] | Successfully generated invoice 'INV-2026-01008' (ID: 8) for order_id 9.
2026-08-03 15:07:30 | INFO     | [pioneer_billing.billing] | Generating invoice for order_id: 10
2026-08-03 15:07:30 | INFO     | [pioneer_billing.billing] | Successfully generated invoice 'INV-2026-01009' (ID: 9) for order_id 10.
2026-08-03 15:07:30 | INFO     | [pioneer_billing.billing] | Successfully generated invoice 'INV-2026-01010' (ID: 10) for order_id 3.
2026-08-03 15:07:30 | INFO     | [pioneer_billing.billing] | Created customer 'Concurrent Customer 3' (ID: 13, Discount: 5.0%).
2026-08-03 15:07:30 | INFO     | [pioneer_billing.billing] | Generating invoice for order_id: 11
2026-08-03 15:07:30 | INFO     | [pioneer_billing.billing] | Successfully generated invoice 'INV-2026-01011' (ID: 11) for order_id 11.
2026-08-03 15:07:30 | INFO     | [pioneer_billing.billing] | Generating quotation for customer: Quotation Client
2026-08-03 15:07:30 | INFO     | [pioneer_billing.billing] | Created customer 'Quotation Client' (ID: 14, Discount: 5.0%).
2026-08-03 15:07:30 | INFO     | [pioneer_billing.billing] | Successfully generated quotation 'QTN-2026-01001' (ID: 1) for customer 'Quotation Client'.
2026-08-03 15:07:30 | INFO     | [pioneer_billing.import] | Starting inventory import from file 'uploaded_file.xlsx', sheet 'Stock Group Reorder Status'.
2026-08-03 15:07:31 | INFO     | [pioneer_billing.import] | Inventory import finished (success): 1408/1408 successful, 0 failed.
2026-08-03 15:09:31 | INFO     | [pioneer_billing.database] | Initializing database at path: A:\Project1\db\database.db
2026-08-03 15:09:32 | INFO     | [pioneer_billing.database] | Seeded initial default Demo1 customer profile.
2026-08-03 15:09:32 | INFO     | [pioneer_billing.database] | Database initialization completed successfully.
2026-08-03 15:09:32 | INFO     | [pioneer_billing.import] | Starting inventory import from file 'uploaded_file.xlsx', sheet 'Stock Group Reorder Status'.
2026-08-03 15:09:32 | INFO     | [pioneer_billing.import] | Inventory import finished (success): 1408/1408 successful, 0 failed.
2026-08-03 15:09:32 | INFO     | [pioneer_billing.import] | Starting cost list import from file 'uploaded_file.xlsx', sheet 'PRICE LIST'.
2026-08-03 15:09:32 | INFO     | [pioneer_billing.import] | Cost list import finished (success): 3319/3319 successful, 0 failed.
2026-08-03 15:09:32 | INFO     | [pioneer_billing.billing] | Created customer 'Pioneer Automation Corp' (ID: 2, Discount: 12.5%).
2026-08-03 15:09:32 | INFO     | [pioneer_billing.billing] | Updated customer 'Pioneer Automation Corp Updated' (ID: 2).
2026-08-03 15:09:32 | INFO     | [pioneer_billing.billing] | Created customer 'Quicktest Client' (ID: 3, Discount: 10.0%).
2026-08-03 15:09:32 | INFO     | [pioneer_billing.billing] | Generating invoice for order_id: 1
2026-08-03 15:09:32 | INFO     | [pioneer_billing.billing] | Successfully generated invoice 'INV-2026-01001' (ID: 1) for order_id 1.
2026-08-03 15:09:32 | INFO     | [pioneer_billing.billing] | Created customer 'Concurrent Customer 0' (ID: 4, Discount: 5.0%).
2026-08-03 15:09:32 | INFO     | [pioneer_billing.billing] | Created customer 'Concurrent Customer 9' (ID: 5, Discount: 5.0%).
2026-08-03 15:09:32 | INFO     | [pioneer_billing.billing] | Created customer 'Concurrent Customer 8' (ID: 6, Discount: 5.0%).
2026-08-03 15:09:32 | INFO     | [pioneer_billing.billing] | Created customer 'Concurrent Customer 5' (ID: 7, Discount: 5.0%).
2026-08-03 15:09:32 | INFO     | [pioneer_billing.billing] | Created customer 'Concurrent Customer 4' (ID: 8, Discount: 5.0%).
2026-08-03 15:09:32 | INFO     | [pioneer_billing.billing] | Created customer 'Concurrent Customer 3' (ID: 9, Discount: 5.0%).
2026-08-03 15:09:32 | INFO     | [pioneer_billing.billing] | Created customer 'Concurrent Customer 1' (ID: 10, Discount: 5.0%).
2026-08-03 15:09:32 | INFO     | [pioneer_billing.billing] | Created customer 'Concurrent Customer 2' (ID: 11, Discount: 5.0%).
2026-08-03 15:09:32 | INFO     | [pioneer_billing.billing] | Generating invoice for order_id: 2
2026-08-03 15:09:32 | INFO     | [pioneer_billing.billing] | Generating invoice for order_id: 3
2026-08-03 15:09:32 | INFO     | [pioneer_billing.billing] | Generating invoice for order_id: 4
2026-08-03 15:09:32 | INFO     | [pioneer_billing.billing] | Generating invoice for order_id: 5
2026-08-03 15:09:32 | INFO     | [pioneer_billing.billing] | Successfully generated invoice 'INV-2026-01002' (ID: 2) for order_id 3.
2026-08-03 15:09:32 | INFO     | [pioneer_billing.billing] | Successfully generated invoice 'INV-2026-01003' (ID: 3) for order_id 5.
2026-08-03 15:09:32 | INFO     | [pioneer_billing.billing] | Successfully generated invoice 'INV-2026-01004' (ID: 4) for order_id 2.
2026-08-03 15:09:32 | INFO     | [pioneer_billing.billing] | Generating invoice for order_id: 6
2026-08-03 15:09:32 | INFO     | [pioneer_billing.billing] | Successfully generated invoice 'INV-2026-01005' (ID: 5) for order_id 4.
2026-08-03 15:09:32 | INFO     | [pioneer_billing.billing] | Generating invoice for order_id: 7
2026-08-03 15:09:32 | INFO     | [pioneer_billing.billing] | Successfully generated invoice 'INV-2026-01006' (ID: 6) for order_id 6.
2026-08-03 15:09:32 | INFO     | [pioneer_billing.billing] | Successfully generated invoice 'INV-2026-01007' (ID: 7) for order_id 7.
2026-08-03 15:09:32 | INFO     | [pioneer_billing.billing] | Created customer 'Concurrent Customer 6' (ID: 12, Discount: 5.0%).
2026-08-03 15:09:32 | INFO     | [pioneer_billing.billing] | Generating invoice for order_id: 8
2026-08-03 15:09:32 | INFO     | [pioneer_billing.billing] | Successfully generated invoice 'INV-2026-01008' (ID: 8) for order_id 8.
2026-08-03 15:09:32 | INFO     | [pioneer_billing.billing] | Generating invoice for order_id: 9
2026-08-03 15:09:32 | INFO     | [pioneer_billing.billing] | Successfully generated invoice 'INV-2026-01009' (ID: 9) for order_id 9.
2026-08-03 15:09:32 | INFO     | [pioneer_billing.billing] | Created customer 'Concurrent Customer 7' (ID: 13, Discount: 5.0%).
2026-08-03 15:09:32 | INFO     | [pioneer_billing.billing] | Generating invoice for order_id: 10
2026-08-03 15:09:32 | INFO     | [pioneer_billing.billing] | Successfully generated invoice 'INV-2026-01010' (ID: 10) for order_id 10.
2026-08-03 15:09:32 | INFO     | [pioneer_billing.billing] | Generating invoice for order_id: 11
2026-08-03 15:09:32 | INFO     | [pioneer_billing.billing] | Successfully generated invoice 'INV-2026-01011' (ID: 11) for order_id 11.
2026-08-03 15:09:32 | INFO     | [pioneer_billing.billing] | Generating quotation for customer: Quotation Client
2026-08-03 15:09:32 | INFO     | [pioneer_billing.billing] | Created customer 'Quotation Client' (ID: 14, Discount: 5.0%).
2026-08-03 15:09:32 | INFO     | [pioneer_billing.billing] | Successfully generated quotation 'QTN-2026-01001' (ID: 1) for customer 'Quotation Client'.
2026-08-03 15:09:32 | INFO     | [pioneer_billing.import] | Starting inventory import from file 'uploaded_file.xlsx', sheet 'Stock Group Reorder Status'.
2026-08-03 15:09:32 | INFO     | [pioneer_billing.import] | Inventory import finished (success): 1408/1408 successful, 0 failed.
2026-08-03 15:10:30 | INFO     | [pioneer_billing.database] | Initializing database at path: A:\Project1\db\database.db
2026-08-03 15:10:30 | INFO     | [pioneer_billing.database] | Seeded initial default Demo1 customer profile.
2026-08-03 15:10:30 | INFO     | [pioneer_billing.database] | Database initialization completed successfully.
2026-08-03 15:10:30 | INFO     | [pioneer_billing.import] | Starting inventory import from file 'uploaded_file.xlsx', sheet 'Stock Group Reorder Status'.
2026-08-03 15:10:30 | INFO     | [pioneer_billing.import] | Inventory import finished (success): 1408/1408 successful, 0 failed.
2026-08-03 15:10:30 | INFO     | [pioneer_billing.import] | Starting cost list import from file 'uploaded_file.xlsx', sheet 'PRICE LIST'.
2026-08-03 15:10:30 | INFO     | [pioneer_billing.import] | Cost list import finished (success): 3319/3319 successful, 0 failed.
2026-08-03 15:10:30 | INFO     | [pioneer_billing.billing] | Created customer 'Pioneer Automation Corp' (ID: 2, Discount: 12.5%).
2026-08-03 15:10:30 | INFO     | [pioneer_billing.billing] | Updated customer 'Pioneer Automation Corp Updated' (ID: 2).
2026-08-03 15:10:30 | INFO     | [pioneer_billing.billing] | Created customer 'Quicktest Client' (ID: 3, Discount: 10.0%).
2026-08-03 15:10:30 | INFO     | [pioneer_billing.billing] | Generating invoice for order_id: 1
2026-08-03 15:10:30 | INFO     | [pioneer_billing.billing] | Successfully generated invoice 'INV-2026-01001' (ID: 1) for order_id 1.
2026-08-03 15:10:30 | INFO     | [pioneer_billing.billing] | Created customer 'Concurrent Customer 0' (ID: 4, Discount: 5.0%).
2026-08-03 15:10:30 | INFO     | [pioneer_billing.billing] | Created customer 'Concurrent Customer 4' (ID: 5, Discount: 5.0%).
2026-08-03 15:10:30 | INFO     | [pioneer_billing.billing] | Created customer 'Concurrent Customer 3' (ID: 6, Discount: 5.0%).
2026-08-03 15:10:30 | INFO     | [pioneer_billing.billing] | Created customer 'Concurrent Customer 1' (ID: 7, Discount: 5.0%).
2026-08-03 15:10:30 | INFO     | [pioneer_billing.billing] | Created customer 'Concurrent Customer 6' (ID: 8, Discount: 5.0%).
2026-08-03 15:10:30 | INFO     | [pioneer_billing.billing] | Created customer 'Concurrent Customer 7' (ID: 9, Discount: 5.0%).
2026-08-03 15:10:30 | INFO     | [pioneer_billing.billing] | Created customer 'Concurrent Customer 5' (ID: 10, Discount: 5.0%).
2026-08-03 15:10:30 | INFO     | [pioneer_billing.billing] | Generating invoice for order_id: 2
2026-08-03 15:10:30 | INFO     | [pioneer_billing.billing] | Generating invoice for order_id: 3
2026-08-03 15:10:30 | INFO     | [pioneer_billing.billing] | Generating invoice for order_id: 4
2026-08-03 15:10:30 | INFO     | [pioneer_billing.billing] | Generating invoice for order_id: 5
2026-08-03 15:10:30 | INFO     | [pioneer_billing.billing] | Successfully generated invoice 'INV-2026-01002' (ID: 2) for order_id 3.
2026-08-03 15:10:30 | INFO     | [pioneer_billing.billing] | Successfully generated invoice 'INV-2026-01003' (ID: 3) for order_id 5.
2026-08-03 15:10:30 | INFO     | [pioneer_billing.billing] | Generating invoice for order_id: 6
2026-08-03 15:10:30 | INFO     | [pioneer_billing.billing] | Successfully generated invoice 'INV-2026-01004' (ID: 4) for order_id 4.
2026-08-03 15:10:30 | INFO     | [pioneer_billing.billing] | Generating invoice for order_id: 7
2026-08-03 15:10:30 | INFO     | [pioneer_billing.billing] | Successfully generated invoice 'INV-2026-01005' (ID: 5) for order_id 7.
2026-08-03 15:10:30 | INFO     | [pioneer_billing.billing] | Successfully generated invoice 'INV-2026-01006' (ID: 6) for order_id 2.
2026-08-03 15:10:30 | INFO     | [pioneer_billing.billing] | Successfully generated invoice 'INV-2026-01007' (ID: 7) for order_id 6.
2026-08-03 15:10:30 | INFO     | [pioneer_billing.billing] | Created customer 'Concurrent Customer 9' (ID: 11, Discount: 5.0%).
2026-08-03 15:10:30 | INFO     | [pioneer_billing.billing] | Created customer 'Concurrent Customer 8' (ID: 12, Discount: 5.0%).
2026-08-03 15:10:30 | INFO     | [pioneer_billing.billing] | Generating invoice for order_id: 8
2026-08-03 15:10:30 | INFO     | [pioneer_billing.billing] | Generating invoice for order_id: 9
2026-08-03 15:10:30 | INFO     | [pioneer_billing.billing] | Successfully generated invoice 'INV-2026-01008' (ID: 8) for order_id 8.
2026-08-03 15:10:30 | INFO     | [pioneer_billing.billing] | Generating invoice for order_id: 10
2026-08-03 15:10:30 | INFO     | [pioneer_billing.billing] | Successfully generated invoice 'INV-2026-01009' (ID: 9) for order_id 10.
2026-08-03 15:10:30 | INFO     | [pioneer_billing.billing] | Successfully generated invoice 'INV-2026-01010' (ID: 10) for order_id 9.
2026-08-03 15:10:30 | INFO     | [pioneer_billing.billing] | Created customer 'Concurrent Customer 2' (ID: 13, Discount: 5.0%).
2026-08-03 15:10:30 | INFO     | [pioneer_billing.billing] | Generating invoice for order_id: 11
2026-08-03 15:10:30 | INFO     | [pioneer_billing.billing] | Successfully generated invoice 'INV-2026-01011' (ID: 11) for order_id 11.
2026-08-03 15:10:30 | INFO     | [pioneer_billing.billing] | Generating quotation for customer: Quotation Client
2026-08-03 15:10:30 | INFO     | [pioneer_billing.billing] | Created customer 'Quotation Client' (ID: 14, Discount: 5.0%).
2026-08-03 15:10:30 | INFO     | [pioneer_billing.billing] | Successfully generated quotation 'QTN-2026-01001' (ID: 1) for customer 'Quotation Client'.
2026-08-03 15:10:30 | INFO     | [pioneer_billing.import] | Starting inventory import from file 'uploaded_file.xlsx', sheet 'Stock Group Reorder Status'.
2026-08-03 15:10:30 | INFO     | [pioneer_billing.import] | Inventory import finished (success): 1408/1408 successful, 0 failed.
2026-08-03 15:11:12 | INFO     | [pioneer_billing.database] | Initializing database at path: A:\Project1\db\database.db
2026-08-03 15:11:12 | INFO     | [pioneer_billing.database] | Seeded initial default Demo1 customer profile.
2026-08-03 15:11:12 | INFO     | [pioneer_billing.database] | Database initialization completed successfully.
2026-08-03 15:11:12 | INFO     | [pioneer_billing.import] | Starting inventory import from file 'uploaded_file.xlsx', sheet 'Stock Group Reorder Status'.
2026-08-03 15:11:13 | INFO     | [pioneer_billing.import] | Inventory import finished (success): 1408/1408 successful, 0 failed.
2026-08-03 15:11:13 | INFO     | [pioneer_billing.import] | Starting cost list import from file 'uploaded_file.xlsx', sheet 'PRICE LIST'.
2026-08-03 15:11:13 | INFO     | [pioneer_billing.import] | Cost list import finished (success): 3319/3319 successful, 0 failed.
2026-08-03 15:11:13 | INFO     | [pioneer_billing.billing] | Created customer 'Pioneer Automation Corp' (ID: 2, Discount: 12.5%).
2026-08-03 15:11:13 | INFO     | [pioneer_billing.billing] | Updated customer 'Pioneer Automation Corp Updated' (ID: 2).
2026-08-03 15:11:13 | INFO     | [pioneer_billing.billing] | Created customer 'Quicktest Client' (ID: 3, Discount: 10.0%).
2026-08-03 15:11:13 | INFO     | [pioneer_billing.billing] | Generating invoice for order_id: 1
2026-08-03 15:11:13 | INFO     | [pioneer_billing.billing] | Successfully generated invoice 'INV-2026-01001' (ID: 1) for order_id 1.
2026-08-03 15:11:13 | INFO     | [pioneer_billing.billing] | Created customer 'Concurrent Customer 0' (ID: 4, Discount: 5.0%).
2026-08-03 15:11:13 | INFO     | [pioneer_billing.billing] | Created customer 'Concurrent Customer 3' (ID: 5, Discount: 5.0%).
2026-08-03 15:11:13 | INFO     | [pioneer_billing.billing] | Generating invoice for order_id: 2
2026-08-03 15:11:13 | INFO     | [pioneer_billing.billing] | Created customer 'Concurrent Customer 4' (ID: 6, Discount: 5.0%).
2026-08-03 15:11:13 | INFO     | [pioneer_billing.billing] | Successfully generated invoice 'INV-2026-01002' (ID: 2) for order_id 2.
2026-08-03 15:11:13 | INFO     | [pioneer_billing.billing] | Created customer 'Concurrent Customer 7' (ID: 7, Discount: 5.0%).
2026-08-03 15:11:13 | INFO     | [pioneer_billing.billing] | Generating invoice for order_id: 3
2026-08-03 15:11:13 | INFO     | [pioneer_billing.billing] | Generating invoice for order_id: 4
2026-08-03 15:11:13 | INFO     | [pioneer_billing.billing] | Successfully generated invoice 'INV-2026-01003' (ID: 3) for order_id 3.
2026-08-03 15:11:13 | INFO     | [pioneer_billing.billing] | Successfully generated invoice 'INV-2026-01004' (ID: 4) for order_id 4.
2026-08-03 15:11:13 | INFO     | [pioneer_billing.billing] | Created customer 'Concurrent Customer 8' (ID: 8, Discount: 5.0%).
2026-08-03 15:11:13 | INFO     | [pioneer_billing.billing] | Generating invoice for order_id: 5
2026-08-03 15:11:13 | INFO     | [pioneer_billing.billing] | Successfully generated invoice 'INV-2026-01005' (ID: 5) for order_id 5.
2026-08-03 15:11:13 | INFO     | [pioneer_billing.billing] | Generating invoice for order_id: 6
2026-08-03 15:11:13 | INFO     | [pioneer_billing.billing] | Successfully generated invoice 'INV-2026-01006' (ID: 6) for order_id 6.
2026-08-03 15:11:13 | INFO     | [pioneer_billing.billing] | Created customer 'Concurrent Customer 9' (ID: 9, Discount: 5.0%).
2026-08-03 15:11:13 | INFO     | [pioneer_billing.billing] | Generating invoice for order_id: 7
2026-08-03 15:11:13 | INFO     | [pioneer_billing.billing] | Created customer 'Concurrent Customer 6' (ID: 10, Discount: 5.0%).
2026-08-03 15:11:13 | INFO     | [pioneer_billing.billing] | Successfully generated invoice 'INV-2026-01007' (ID: 7) for order_id 7.
2026-08-03 15:11:13 | INFO     | [pioneer_billing.billing] | Generating invoice for order_id: 8
2026-08-03 15:11:13 | INFO     | [pioneer_billing.billing] | Successfully generated invoice 'INV-2026-01008' (ID: 8) for order_id 8.
2026-08-03 15:11:13 | INFO     | [pioneer_billing.billing] | Created customer 'Concurrent Customer 2' (ID: 11, Discount: 5.0%).
2026-08-03 15:11:13 | INFO     | [pioneer_billing.billing] | Generating invoice for order_id: 9
2026-08-03 15:11:13 | INFO     | [pioneer_billing.billing] | Successfully generated invoice 'INV-2026-01009' (ID: 9) for order_id 9.
2026-08-03 15:11:13 | INFO     | [pioneer_billing.billing] | Created customer 'Concurrent Customer 5' (ID: 12, Discount: 5.0%).
2026-08-03 15:11:13 | INFO     | [pioneer_billing.billing] | Generating invoice for order_id: 10
2026-08-03 15:11:13 | INFO     | [pioneer_billing.billing] | Successfully generated invoice 'INV-2026-01010' (ID: 10) for order_id 10.
2026-08-03 15:11:13 | INFO     | [pioneer_billing.billing] | Created customer 'Concurrent Customer 1' (ID: 13, Discount: 5.0%).
2026-08-03 15:11:13 | INFO     | [pioneer_billing.billing] | Generating invoice for order_id: 11
2026-08-03 15:11:13 | INFO     | [pioneer_billing.billing] | Successfully generated invoice 'INV-2026-01011' (ID: 11) for order_id 11.
2026-08-03 15:11:13 | INFO     | [pioneer_billing.billing] | Generating quotation for customer: Quotation Client
2026-08-03 15:11:13 | INFO     | [pioneer_billing.billing] | Created customer 'Quotation Client' (ID: 14, Discount: 5.0%).
2026-08-03 15:11:13 | INFO     | [pioneer_billing.billing] | Successfully generated quotation 'QTN-2026-01001' (ID: 1) for customer 'Quotation Client'.
2026-08-03 15:11:13 | INFO     | [pioneer_billing.import] | Starting inventory import from file 'uploaded_file.xlsx', sheet 'Stock Group Reorder Status'.
2026-08-03 15:11:13 | INFO     | [pioneer_billing.import] | Inventory import finished (success): 1408/1408 successful, 0 failed.
2026-08-03 15:11:58 | INFO     | [pioneer_billing.database] | Initializing database at path: A:\Project1\instance\db\database.db
2026-08-03 15:11:58 | ERROR    | [pioneer_billing.database] | Failed to initialize database: unable to open database file
Traceback (most recent call last):
  File "A:\Project1\app\models\database.py", line 22, in init_db
    conn = sqlite3.connect(Config.DATABASE_PATH)
sqlite3.OperationalError: unable to open database file
2026-08-03 15:12:05 | INFO     | [pioneer_billing.database] | Initializing database at path: A:\Project1\instance\db\database.db
2026-08-03 15:12:05 | ERROR    | [pioneer_billing.database] | Failed to initialize database: [Errno 2] No such file or directory: 'A:\\Project1\\app\\models\\schema.sql'
Traceback (most recent call last):
  File "A:\Project1\app\models\database.py", line 25, in init_db
    with open(Config.SCHEMA_PATH, 'r', encoding='utf-8') as f:
         ~~~~^^^^^^^^^^^^^^^^^^^^^^^^^^^^^^^^^^^^^^^^^^^
FileNotFoundError: [Errno 2] No such file or directory: 'A:\\Project1\\app\\models\\schema.sql'
2026-08-03 15:12:19 | INFO     | [pioneer_billing.database] | Initializing database at path: A:\Project1\instance\db\database.db
2026-08-03 15:12:19 | INFO     | [pioneer_billing.database] | Seeded initial default Demo1 customer profile.
2026-08-03 15:12:19 | INFO     | [pioneer_billing.database] | Database initialization completed successfully.
2026-08-03 15:12:19 | INFO     | [pioneer_billing.import] | Starting inventory import from file 'uploaded_file.xlsx', sheet 'Stock Group Reorder Status'.
2026-08-03 15:12:19 | INFO     | [pioneer_billing.import] | Inventory import finished (success): 1408/1408 successful, 0 failed.
2026-08-03 15:12:19 | INFO     | [pioneer_billing.import] | Starting cost list import from file 'uploaded_file.xlsx', sheet 'PRICE LIST'.
2026-08-03 15:12:19 | INFO     | [pioneer_billing.import] | Cost list import finished (success): 3319/3319 successful, 0 failed.
2026-08-03 15:12:19 | INFO     | [pioneer_billing.billing] | Created customer 'Pioneer Automation Corp' (ID: 2, Discount: 12.5%).
2026-08-03 15:12:19 | INFO     | [pioneer_billing.billing] | Updated customer 'Pioneer Automation Corp Updated' (ID: 2).
2026-08-03 15:12:19 | INFO     | [pioneer_billing.billing] | Created customer 'Quicktest Client' (ID: 3, Discount: 10.0%).
2026-08-03 15:12:19 | INFO     | [pioneer_billing.billing] | Generating invoice for order_id: 1
2026-08-03 15:12:19 | INFO     | [pioneer_billing.billing] | Successfully generated invoice 'INV-2026-01001' (ID: 1) for order_id 1.
2026-08-03 15:12:19 | INFO     | [pioneer_billing.billing] | Created customer 'Concurrent Customer 0' (ID: 4, Discount: 5.0%).
2026-08-03 15:12:19 | INFO     | [pioneer_billing.billing] | Created customer 'Concurrent Customer 2' (ID: 5, Discount: 5.0%).
2026-08-03 15:12:19 | INFO     | [pioneer_billing.billing] | Created customer 'Concurrent Customer 7' (ID: 6, Discount: 5.0%).
2026-08-03 15:12:19 | INFO     | [pioneer_billing.billing] | Created customer 'Concurrent Customer 6' (ID: 7, Discount: 5.0%).
2026-08-03 15:12:19 | INFO     | [pioneer_billing.billing] | Generating invoice for order_id: 2
2026-08-03 15:12:19 | INFO     | [pioneer_billing.billing] | Created customer 'Concurrent Customer 5' (ID: 8, Discount: 5.0%).
2026-08-03 15:12:19 | INFO     | [pioneer_billing.billing] | Generating invoice for order_id: 3
2026-08-03 15:12:19 | INFO     | [pioneer_billing.billing] | Generating invoice for order_id: 4
2026-08-03 15:12:19 | INFO     | [pioneer_billing.billing] | Successfully generated invoice 'INV-2026-01002' (ID: 2) for order_id 4.
2026-08-03 15:12:19 | INFO     | [pioneer_billing.billing] | Generating invoice for order_id: 5
2026-08-03 15:12:19 | INFO     | [pioneer_billing.billing] | Created customer 'Concurrent Customer 4' (ID: 9, Discount: 5.0%).
2026-08-03 15:12:19 | INFO     | [pioneer_billing.billing] | Generating invoice for order_id: 6
2026-08-03 15:12:19 | INFO     | [pioneer_billing.billing] | Successfully generated invoice 'INV-2026-01003' (ID: 3) for order_id 5.
2026-08-03 15:12:19 | INFO     | [pioneer_billing.billing] | Successfully generated invoice 'INV-2026-01004' (ID: 4) for order_id 6.
2026-08-03 15:12:19 | INFO     | [pioneer_billing.billing] | Generating invoice for order_id: 7
2026-08-03 15:12:19 | INFO     | [pioneer_billing.billing] | Successfully generated invoice 'INV-2026-01005' (ID: 5) for order_id 7.
2026-08-03 15:12:19 | INFO     | [pioneer_billing.billing] | Successfully generated invoice 'INV-2026-01006' (ID: 6) for order_id 3.
2026-08-03 15:12:19 | INFO     | [pioneer_billing.billing] | Created customer 'Concurrent Customer 3' (ID: 10, Discount: 5.0%).
2026-08-03 15:12:19 | INFO     | [pioneer_billing.billing] | Created customer 'Concurrent Customer 9' (ID: 11, Discount: 5.0%).
2026-08-03 15:12:19 | INFO     | [pioneer_billing.billing] | Generating invoice for order_id: 8
2026-08-03 15:12:19 | INFO     | [pioneer_billing.billing] | Created customer 'Concurrent Customer 8' (ID: 12, Discount: 5.0%).
2026-08-03 15:12:19 | INFO     | [pioneer_billing.billing] | Generating invoice for order_id: 9
2026-08-03 15:12:19 | INFO     | [pioneer_billing.billing] | Successfully generated invoice 'INV-2026-01007' (ID: 7) for order_id 8.
2026-08-03 15:12:19 | INFO     | [pioneer_billing.billing] | Generating invoice for order_id: 10
2026-08-03 15:12:19 | INFO     | [pioneer_billing.billing] | Successfully generated invoice 'INV-2026-01008' (ID: 8) for order_id 2.
2026-08-03 15:12:19 | INFO     | [pioneer_billing.billing] | Successfully generated invoice 'INV-2026-01009' (ID: 9) for order_id 10.
2026-08-03 15:12:19 | INFO     | [pioneer_billing.billing] | Successfully generated invoice 'INV-2026-01010' (ID: 10) for order_id 9.
2026-08-03 15:12:19 | INFO     | [pioneer_billing.billing] | Created customer 'Concurrent Customer 1' (ID: 13, Discount: 5.0%).
2026-08-03 15:12:19 | INFO     | [pioneer_billing.billing] | Generating invoice for order_id: 11
2026-08-03 15:12:19 | INFO     | [pioneer_billing.billing] | Successfully generated invoice 'INV-2026-01011' (ID: 11) for order_id 11.
2026-08-03 15:12:19 | INFO     | [pioneer_billing.billing] | Generating quotation for customer: Quotation Client
2026-08-03 15:12:19 | INFO     | [pioneer_billing.billing] | Created customer 'Quotation Client' (ID: 14, Discount: 5.0%).
2026-08-03 15:12:19 | INFO     | [pioneer_billing.billing] | Successfully generated quotation 'QTN-2026-01001' (ID: 1) for customer 'Quotation Client'.
2026-08-03 15:12:19 | INFO     | [pioneer_billing.import] | Starting inventory import from file 'uploaded_file.xlsx', sheet 'Stock Group Reorder Status'.
2026-08-03 15:12:20 | INFO     | [pioneer_billing.import] | Inventory import finished (success): 1408/1408 successful, 0 failed.
2026-08-03 15:13:26 | INFO     | [pioneer_billing.database] | Initializing database at path: A:\Project1\instance\db\database.db
2026-08-03 15:13:26 | INFO     | [pioneer_billing.database] | Seeded initial default Demo1 customer profile.
2026-08-03 15:13:26 | INFO     | [pioneer_billing.database] | Database initialization completed successfully.
2026-08-03 15:13:26 | INFO     | [pioneer_billing.import] | Starting inventory import from file 'uploaded_file.xlsx', sheet 'Stock Group Reorder Status'.
2026-08-03 15:13:26 | INFO     | [pioneer_billing.import] | Inventory import finished (success): 1408/1408 successful, 0 failed.
2026-08-03 15:13:26 | INFO     | [pioneer_billing.import] | Starting cost list import from file 'uploaded_file.xlsx', sheet 'PRICE LIST'.
2026-08-03 15:13:26 | INFO     | [pioneer_billing.import] | Cost list import finished (success): 3319/3319 successful, 0 failed.
2026-08-03 15:13:26 | INFO     | [pioneer_billing.billing] | Created customer 'Pioneer Automation Corp' (ID: 2, Discount: 12.5%).
2026-08-03 15:13:26 | INFO     | [pioneer_billing.billing] | Updated customer 'Pioneer Automation Corp Updated' (ID: 2).
2026-08-03 15:13:26 | INFO     | [pioneer_billing.billing] | Created customer 'Quicktest Client' (ID: 3, Discount: 10.0%).
2026-08-03 15:13:26 | INFO     | [pioneer_billing.billing] | Generating invoice for order_id: 1
2026-08-03 15:13:26 | INFO     | [pioneer_billing.billing] | Successfully generated invoice 'INV-2026-01001' (ID: 1) for order_id 1.
2026-08-03 15:13:26 | INFO     | [pioneer_billing.billing] | Created customer 'Concurrent Customer 0' (ID: 4, Discount: 5.0%).
2026-08-03 15:13:26 | INFO     | [pioneer_billing.billing] | Created customer 'Concurrent Customer 1' (ID: 5, Discount: 5.0%).
2026-08-03 15:13:26 | INFO     | [pioneer_billing.billing] | Created customer 'Concurrent Customer 4' (ID: 6, Discount: 5.0%).
2026-08-03 15:13:26 | INFO     | [pioneer_billing.billing] | Generating invoice for order_id: 2
2026-08-03 15:13:26 | INFO     | [pioneer_billing.billing] | Created customer 'Concurrent Customer 8' (ID: 7, Discount: 5.0%).
2026-08-03 15:13:26 | INFO     | [pioneer_billing.billing] | Created customer 'Concurrent Customer 5' (ID: 8, Discount: 5.0%).
2026-08-03 15:13:26 | INFO     | [pioneer_billing.billing] | Created customer 'Concurrent Customer 6' (ID: 9, Discount: 5.0%).
2026-08-03 15:13:26 | INFO     | [pioneer_billing.billing] | Successfully generated invoice 'INV-2026-01002' (ID: 2) for order_id 2.
2026-08-03 15:13:26 | INFO     | [pioneer_billing.billing] | Generating invoice for order_id: 3
2026-08-03 15:13:26 | INFO     | [pioneer_billing.billing] | Generating invoice for order_id: 4
2026-08-03 15:13:26 | INFO     | [pioneer_billing.billing] | Generating invoice for order_id: 5
2026-08-03 15:13:26 | INFO     | [pioneer_billing.billing] | Successfully generated invoice 'INV-2026-01003' (ID: 3) for order_id 3.
2026-08-03 15:13:26 | INFO     | [pioneer_billing.billing] | Created customer 'Concurrent Customer 9' (ID: 10, Discount: 5.0%).
2026-08-03 15:13:26 | INFO     | [pioneer_billing.billing] | Generating invoice for order_id: 6
2026-08-03 15:13:26 | INFO     | [pioneer_billing.billing] | Successfully generated invoice 'INV-2026-01004' (ID: 4) for order_id 5.
2026-08-03 15:13:26 | INFO     | [pioneer_billing.billing] | Successfully generated invoice 'INV-2026-01005' (ID: 5) for order_id 6.
2026-08-03 15:13:26 | INFO     | [pioneer_billing.billing] | Generating invoice for order_id: 7
2026-08-03 15:13:26 | INFO     | [pioneer_billing.billing] | Successfully generated invoice 'INV-2026-01006' (ID: 6) for order_id 7.
2026-08-03 15:13:26 | INFO     | [pioneer_billing.billing] | Created customer 'Concurrent Customer 2' (ID: 11, Discount: 5.0%).
2026-08-03 15:13:26 | INFO     | [pioneer_billing.billing] | Generating invoice for order_id: 8
2026-08-03 15:13:26 | INFO     | [pioneer_billing.billing] | Successfully generated invoice 'INV-2026-01007' (ID: 7) for order_id 4.
2026-08-03 15:13:26 | INFO     | [pioneer_billing.billing] | Created customer 'Concurrent Customer 3' (ID: 12, Discount: 5.0%).
2026-08-03 15:13:26 | INFO     | [pioneer_billing.billing] | Successfully generated invoice 'INV-2026-01008' (ID: 8) for order_id 8.
2026-08-03 15:13:26 | INFO     | [pioneer_billing.billing] | Generating invoice for order_id: 9
2026-08-03 15:13:26 | INFO     | [pioneer_billing.billing] | Generating invoice for order_id: 10
2026-08-03 15:13:26 | INFO     | [pioneer_billing.billing] | Successfully generated invoice 'INV-2026-01009' (ID: 9) for order_id 9.
2026-08-03 15:13:26 | INFO     | [pioneer_billing.billing] | Successfully generated invoice 'INV-2026-01010' (ID: 10) for order_id 10.
2026-08-03 15:13:26 | INFO     | [pioneer_billing.billing] | Created customer 'Concurrent Customer 7' (ID: 13, Discount: 5.0%).
2026-08-03 15:13:26 | INFO     | [pioneer_billing.billing] | Generating invoice for order_id: 11
2026-08-03 15:13:26 | INFO     | [pioneer_billing.billing] | Successfully generated invoice 'INV-2026-01011' (ID: 11) for order_id 11.
2026-08-03 15:13:26 | INFO     | [pioneer_billing.billing] | Generating quotation for customer: Quotation Client
2026-08-03 15:13:26 | INFO     | [pioneer_billing.billing] | Created customer 'Quotation Client' (ID: 14, Discount: 5.0%).
2026-08-03 15:13:26 | INFO     | [pioneer_billing.billing] | Successfully generated quotation 'QTN-2026-01001' (ID: 1) for customer 'Quotation Client'.
2026-08-03 15:13:26 | INFO     | [pioneer_billing.import] | Starting inventory import from file 'uploaded_file.xlsx', sheet 'Stock Group Reorder Status'.
2026-08-03 15:13:27 | INFO     | [pioneer_billing.import] | Inventory import finished (success): 1408/1408 successful, 0 failed.
2026-08-03 15:13:57 | INFO     | [pioneer_billing.database] | Initializing database at path: A:\Project1\instance\db\database.db
2026-08-03 15:13:57 | INFO     | [pioneer_billing.database] | Seeded initial default Demo1 customer profile.
2026-08-03 15:13:57 | INFO     | [pioneer_billing.database] | Database initialization completed successfully.
2026-08-03 15:13:57 | INFO     | [pioneer_billing.import] | Starting inventory import from file 'uploaded_file.xlsx', sheet 'Stock Group Reorder Status'.
2026-08-03 15:13:57 | INFO     | [pioneer_billing.import] | Inventory import finished (success): 1408/1408 successful, 0 failed.
2026-08-03 15:13:57 | INFO     | [pioneer_billing.import] | Starting cost list import from file 'uploaded_file.xlsx', sheet 'PRICE LIST'.
2026-08-03 15:13:57 | INFO     | [pioneer_billing.import] | Cost list import finished (success): 3319/3319 successful, 0 failed.
2026-08-03 15:13:57 | INFO     | [pioneer_billing.billing] | Created customer 'Pioneer Automation Corp' (ID: 2, Discount: 12.5%).
2026-08-03 15:13:57 | INFO     | [pioneer_billing.billing] | Updated customer 'Pioneer Automation Corp Updated' (ID: 2).
2026-08-03 15:13:57 | INFO     | [pioneer_billing.billing] | Created customer 'Quicktest Client' (ID: 3, Discount: 10.0%).
2026-08-03 15:13:57 | INFO     | [pioneer_billing.billing] | Generating invoice for order_id: 1
2026-08-03 15:13:57 | INFO     | [pioneer_billing.billing] | Successfully generated invoice 'INV-2026-01001' (ID: 1) for order_id 1.
2026-08-03 15:13:57 | INFO     | [pioneer_billing.billing] | Created customer 'Concurrent Customer 2' (ID: 4, Discount: 5.0%).
2026-08-03 15:13:57 | INFO     | [pioneer_billing.billing] | Created customer 'Concurrent Customer 4' (ID: 5, Discount: 5.0%).
2026-08-03 15:13:57 | INFO     | [pioneer_billing.billing] | Generating invoice for order_id: 2
2026-08-03 15:13:57 | INFO     | [pioneer_billing.billing] | Created customer 'Concurrent Customer 0' (ID: 6, Discount: 5.0%).
2026-08-03 15:13:57 | INFO     | [pioneer_billing.billing] | Created customer 'Concurrent Customer 9' (ID: 7, Discount: 5.0%).
2026-08-03 15:13:57 | INFO     | [pioneer_billing.billing] | Generating invoice for order_id: 3
2026-08-03 15:13:57 | INFO     | [pioneer_billing.billing] | Created customer 'Concurrent Customer 6' (ID: 8, Discount: 5.0%).
2026-08-03 15:13:57 | INFO     | [pioneer_billing.billing] | Created customer 'Concurrent Customer 1' (ID: 9, Discount: 5.0%).
2026-08-03 15:13:57 | INFO     | [pioneer_billing.billing] | Successfully generated invoice 'INV-2026-01002' (ID: 2) for order_id 3.
2026-08-03 15:13:57 | INFO     | [pioneer_billing.billing] | Generating invoice for order_id: 4
2026-08-03 15:13:57 | INFO     | [pioneer_billing.billing] | Generating invoice for order_id: 5
2026-08-03 15:13:57 | INFO     | [pioneer_billing.billing] | Created customer 'Concurrent Customer 5' (ID: 10, Discount: 5.0%).
2026-08-03 15:13:57 | INFO     | [pioneer_billing.billing] | Generating invoice for order_id: 6
2026-08-03 15:13:57 | INFO     | [pioneer_billing.billing] | Successfully generated invoice 'INV-2026-01003' (ID: 3) for order_id 5.
2026-08-03 15:13:57 | INFO     | [pioneer_billing.billing] | Successfully generated invoice 'INV-2026-01004' (ID: 4) for order_id 6.
2026-08-03 15:13:57 | INFO     | [pioneer_billing.billing] | Generating invoice for order_id: 7
2026-08-03 15:13:57 | INFO     | [pioneer_billing.billing] | Successfully generated invoice 'INV-2026-01005' (ID: 5) for order_id 7.
2026-08-03 15:13:57 | INFO     | [pioneer_billing.billing] | Created customer 'Concurrent Customer 7' (ID: 11, Discount: 5.0%).
2026-08-03 15:13:57 | INFO     | [pioneer_billing.billing] | Generating invoice for order_id: 8
2026-08-03 15:13:57 | INFO     | [pioneer_billing.billing] | Successfully generated invoice 'INV-2026-01006' (ID: 6) for order_id 4.
2026-08-03 15:13:57 | INFO     | [pioneer_billing.billing] | Generating invoice for order_id: 9
2026-08-03 15:13:57 | INFO     | [pioneer_billing.billing] | Successfully generated invoice 'INV-2026-01007' (ID: 7) for order_id 9.
2026-08-03 15:13:57 | INFO     | [pioneer_billing.billing] | Successfully generated invoice 'INV-2026-01008' (ID: 8) for order_id 8.
2026-08-03 15:13:57 | INFO     | [pioneer_billing.billing] | Created customer 'Concurrent Customer 3' (ID: 12, Discount: 5.0%).
2026-08-03 15:13:57 | INFO     | [pioneer_billing.billing] | Successfully generated invoice 'INV-2026-01009' (ID: 9) for order_id 2.
2026-08-03 15:13:57 | INFO     | [pioneer_billing.billing] | Generating invoice for order_id: 10
2026-08-03 15:13:57 | INFO     | [pioneer_billing.billing] | Successfully generated invoice 'INV-2026-01010' (ID: 10) for order_id 10.
2026-08-03 15:13:58 | INFO     | [pioneer_billing.billing] | Created customer 'Concurrent Customer 8' (ID: 13, Discount: 5.0%).
2026-08-03 15:13:58 | INFO     | [pioneer_billing.billing] | Generating invoice for order_id: 11
2026-08-03 15:13:58 | INFO     | [pioneer_billing.billing] | Successfully generated invoice 'INV-2026-01011' (ID: 11) for order_id 11.
2026-08-03 15:13:58 | INFO     | [pioneer_billing.billing] | Generating quotation for customer: Quotation Client
2026-08-03 15:13:58 | INFO     | [pioneer_billing.billing] | Created customer 'Quotation Client' (ID: 14, Discount: 5.0%).
2026-08-03 15:13:58 | INFO     | [pioneer_billing.billing] | Successfully generated quotation 'QTN-2026-01001' (ID: 1) for customer 'Quotation Client'.
2026-08-03 15:13:58 | INFO     | [pioneer_billing.import] | Starting inventory import from file 'uploaded_file.xlsx', sheet 'Stock Group Reorder Status'.
2026-08-03 15:13:58 | INFO     | [pioneer_billing.import] | Inventory import finished (success): 1408/1408 successful, 0 failed.
